jeff.morriss.ws and jaap.keuter are the two developers who most fixed documentation defects.
