anders.broman is the developer that fixes the most defects.
