4872 days have been passed since vulnerability 2540.
4872 days have been passed since vulnerability 2541.
4548 days have been passed since vulnerability 3388.
4548 days have been passed since vulnerability 3390.
4493 days have been passed since vulnerability 3496.
4480 days have been passed since vulnerability 3521.
4480 days have been passed since vulnerability 3523.
4390 days have been passed since vulnerability 3989.
4333 days have been passed since vulnerability 4203.
4117 days have been passed since vulnerability 4853.
4101 days have been passed since vulnerability 4912.
4019 days have been passed since vulnerability 5207.
3958 days have been passed since vulnerability 5395.
3711 days have been passed since vulnerability 6135.
3711 days have been passed since vulnerability 6136.
3444 days have been passed since vulnerability 7064.
3381 days have been passed since vulnerability 7363.
3269 days have been passed since vulnerability 7784.
3259 days have been passed since vulnerability 7856.
3257 days have been passed since vulnerability 7864.
2871 days have been passed since vulnerability 9383.
2868 days have been passed since vulnerability 9398.
2196 days have been passed since vulnerability 11521.
2049 days have been passed since vulnerability 12077.
2027 days have been passed since vulnerability 12181.
1974 days have been passed since vulnerability 12351.
1947 days have been passed since vulnerability 12453.
1883 days have been passed since vulnerability 12633.
1883 days have been passed since vulnerability 12634.
1688 days have been passed since vulnerability 13369.
